Microchip MPLAB XC8 Compiler V1.45 ()

Linker command line:

-W-3 --edf=C:\Program Files (x86)\Microchip\xc8\v1.45\dat\en_msgs.txt -cs \
  -h+dist/default/debug\ugrid.debug.sym \
  --cmf=dist/default/debug\ugrid.debug.cmf -z -Q16F1769 -oD:\tmp\s758.2 \
  -Mdist/default/debug/ugrid.debug.map -E1 -ver=XC8 -ASTACK=020C0h-021efh \
  -pstack=STACK -ACODE=00h-07FFhx4 -ASTRCODE=00h-01FFFh \
  -ASTRING=00h-0FFhx32 -ACONST=00h-0FFhx32 -AENTRY=00h-0FFhx32 \
  -ACOMMON=070h-07Fh -ABANK0=020h-06Fh -ABANK1=0A0h-0EFh \
  -ABANK2=0120h-016Fh -ABANK3=01A0h-01EFh -ABANK4=0220h-026Fh \
  -ABANK5=02A0h-02EFh -ABANK6=0320h-036Fh -ABANK7=03A0h-03EFh \
  -ABANK8=0420h-046Fh -ABANK9=04A0h-04EFh -ABANK10=0520h-056Fh \
  -ABANK11=05A0h-05EFh -ABANK12=0620h-064Fh -ABIGRAM=02000h-023EFh \
  -ARAM=020h-06Fh,0A0h-0EFh,0120h-016Fh,01A0h-01EFh,0220h-026Fh,02A0h-02EFh,0320h-036Fh,03A0h-03EFh,0420h-046Fh,04A0h-04EFh,0520h-056Fh,05A0h-05EFh,0620h-064Fh \
  -AABS1=020h-07Fh,0A0h-0EFh,0120h-016Fh,01A0h-01EFh,0220h-026Fh,02A0h-02EFh,0320h-036Fh,03A0h-03EFh,0420h-046Fh,04A0h-04EFh,0520h-056Fh,05A0h-05EFh,0620h-064Fh \
  -ASFR0=00h-01Fh -ASFR1=080h-09Fh -ASFR2=0100h-011Fh -ASFR3=0180h-019Fh \
  -ASFR4=0200h-021Fh -ASFR5=0280h-029Fh -ASFR6=0300h-031Fh \
  -ASFR7=0380h-039Fh -ASFR8=0400h-041Fh -ASFR9=0480h-049Fh \
  -ASFR10=0500h-051Fh -ASFR11=0580h-059Fh -ASFR12=0600h-061Fh \
  -ASFR13=0680h-06EFh -ASFR14=0700h-076Fh -ASFR15=0780h-07EFh \
  -ASFR16=0800h-086Fh -ASFR17=0880h-08EFh -ASFR18=0900h-096Fh \
  -ASFR19=0980h-09EFh -ASFR20=0A00h-0A6Fh -ASFR21=0A80h-0AEFh \
  -ASFR22=0B00h-0B6Fh -ASFR23=0B80h-0BEFh -ASFR24=0C00h-0C6Fh \
  -ASFR25=0C80h-0CEFh -ASFR26=0D00h-0D6Fh -ASFR27=0D80h-0DEFh \
  -ASFR28=0E00h-0E6Fh -ASFR29=0E80h-0EEFh -ASFR30=0F00h-0F6Fh \
  -ASFR31=0F80h-0FEFh -preset_vec=00h,intentry,init,end_init -ppowerup=CODE \
  -pcinit=CODE -pfunctab=ENTRY -ACONFIG=08007h-08008h -pconfig=CONFIG \
  -DCONFIG=2 -AIDLOC=08000h-08003h -pidloc=IDLOC -DIDLOC=2 -DCODE=2 \
  -DSTRCODE=2 -DSTRING=2 -DCONST=2 -DENTRY=2 -k D:\tmp\s758.obj \
  dist/default/debug\ugrid.debug.obj 

Object code version is 3.11

Machine type is 16F1769



                Name                               Link     Load   Length Selector   Space Scale
D:\tmp\s758.obj end_init                              2        2        2        0       0
                reset_vec                             0        0        2        0       0
                config                             8007     8007        2    1000E       0
dist/default/debug\ugrid.debug.obj
                cinit                               7CC      7CC       34      F98       0
                text12                              2C1      2C1       16      582       0
                text11                              285      285        8      50A       0
                text10                              29D      29D        9      53A       0
                text9                               28D      28D        8      51A       0
                text8                               295      295        8      52A       0
                text7                               2F2      2F2       1D      5E4       0
                text6                               281      281        4      502       0
                text5                               2B2      2B2        F      564       0
                text4                               382      382       34      704       0
                text3                               2D7      2D7       1B      5AE       0
                text2                               32F      32F       26      65E       0
                text1                               3F6      3F6      1D6      7EC       0
                maintext                            355      355       2D      6AA       0
                cstackBANK0                          20       20       2A       20       1
                cstackCOMMON                         70       70        E       70       1
                inittext                            2A6      2A6        C      54C       0
                dataBANK2                           120      120       20      120       1
                dataBANK1                            A0       A0       40       A0       1
                dataBANK0                            4A       4A        2       20       1
                idataBIGRAM                         5CC      5CC      200      B98       0
                idataBANK2                          30F      30F       20      61E       0
                idataBANK1                          3B6      3B6       40      76C       0
                idataBANK0                          27F      27F        2      4FE       0

TOTAL           Name                               Link     Load   Length     Space
        CLASS   STACK          

        CLASS   CODE           
                end_init                              2        2        2         0
                cinit                               7CC      7CC       34         0
                reset_vec                             0        0        2         0
                text12                              2C1      2C1       16         0
                text11                              285      285        8         0
                text10                              29D      29D        9         0
                text9                               28D      28D        8         0
                text8                               295      295        8         0
                text7                               2F2      2F2       1D         0
                text6                               281      281        4         0
                text5                               2B2      2B2        F         0
                text4                               382      382       34         0
                text3                               2D7      2D7       1B         0
                text2                               32F      32F       26         0
                text1                               3F6      3F6      1D6         0
                maintext                            355      355       2D         0
                inittext                            2A6      2A6        C         0
                idataBIGRAM                         5CC      5CC      200         0
                idataBANK2                          30F      30F       20         0
                idataBANK1                          3B6      3B6       40         0
                idataBANK0                          27F      27F        2         0

        CLASS   STRCODE        

        CLASS   STRING         

        CLASS   CONST          

        CLASS   ENTRY          

        CLASS   COMMON         
                cstackCOMMON                         70       70        E         1

        CLASS   BANK0          
                cstackBANK0                          20       20       2A         1
                dataBANK0                            4A       4A        2         1

        CLASS   BANK1          
                dataBANK1                            A0       A0       40         1

        CLASS   BANK2          
                dataBANK2                           120      120       20         1

        CLASS   BANK3          

        CLASS   BANK4          

        CLASS   BANK5          

        CLASS   BANK6          

        CLASS   BANK7          

        CLASS   BANK8          

        CLASS   BANK9          

        CLASS   BANK10         

        CLASS   BANK11         

        CLASS   BANK12         

        CLASS   BIGRAM         

        CLASS   RAM            

        CLASS   ABS1           
                abs_s1                               7E       7E        2         1
                abs_s1                              330      330       40         1
                abs_s1                              3A0      3A0       50         1
                abs_s1                              420      420       50         1
                abs_s1                              4A0      4A0       50         1
                abs_s1                              520      520       50         1
                abs_s1                              5A0      5A0       50         1
                abs_s1                              620      620       30         1
                abs_s1                             21F0     21F0        0         1

        CLASS   SFR0           

        CLASS   SFR1           

        CLASS   SFR2           

        CLASS   SFR3           

        CLASS   SFR4           

        CLASS   SFR5           

        CLASS   SFR6           

        CLASS   SFR7           

        CLASS   SFR8           

        CLASS   SFR9           

        CLASS   SFR10          

        CLASS   SFR11          

        CLASS   SFR12          

        CLASS   SFR13          

        CLASS   SFR14          

        CLASS   SFR15          

        CLASS   SFR16          

        CLASS   SFR17          

        CLASS   SFR18          

        CLASS   SFR19          

        CLASS   SFR20          

        CLASS   SFR21          

        CLASS   SFR22          

        CLASS   SFR23          

        CLASS   SFR24          

        CLASS   SFR25          

        CLASS   SFR26          

        CLASS   SFR27          

        CLASS   SFR28          

        CLASS   SFR29          

        CLASS   SFR30          

        CLASS   SFR31          

        CLASS   CONFIG         
                config                             8007     8007        2         0

        CLASS   IDLOC          

        CLASS   BANK31         

        CLASS   BANK30         

        CLASS   BANK29         

        CLASS   BANK28         

        CLASS   BANK27         

        CLASS   BANK26         

        CLASS   BANK25         

        CLASS   BANK24         

        CLASS   BANK23         

        CLASS   BANK22         

        CLASS   BANK21         

        CLASS   BANK20         

        CLASS   BANK19         

        CLASS   BANK18         

        CLASS   BANK17         

        CLASS   BANK16         

        CLASS   BANK15         

        CLASS   BANK14         

        CLASS   BANK13         

        CLASS   EEDATA         



SEGMENTS        Name                           Load    Length   Top    Selector   Space  Class     Delta

                reset_vec                      000000  000004  000004         0       0  CODE        2
                cstackBANK0                    000020  00002C  00004C        20       1  BANK0       1
                cstackCOMMON                   000070  00000E  00007E        70       1  COMMON      1
                dataBANK1                      0000A0  000040  0000E0        A0       1  BANK1       1
                dataBANK2                      000120  000020  000140       120       1  BANK2       1
                idataBANK0                     00027F  000002  000281       4FE       0  CODE        2
                text6                          000281  000004  000285       502       0  CODE        2
                text11                         000285  000008  00028D       50A       0  CODE        2
                text9                          00028D  000008  000295       51A       0  CODE        2
                text8                          000295  000008  00029D       52A       0  CODE        2
                text10                         00029D  000009  0002A6       53A       0  CODE        2
                inittext                       0002A6  00000C  0002B2       54C       0  CODE        2
                text5                          0002B2  00000F  0002C1       564       0  CODE        2
                text12                         0002C1  000016  0002D7       582       0  CODE        2
                text3                          0002D7  00001B  0002F2       5AE       0  CODE        2
                text7                          0002F2  00001D  00030F       5E4       0  CODE        2
                idataBANK2                     00030F  000020  00032F       61E       0  CODE        2
                text2                          00032F  000026  000355       65E       0  CODE        2
                maintext                       000355  00002D  000382       6AA       0  CODE        2
                text4                          000382  000034  0003B6       704       0  CODE        2
                idataBANK1                     0003B6  000040  0003F6       76C       0  CODE        2
                text1                          0003F6  0001D6  0005CC       7EC       0  CODE        2
                idataBIGRAM                    0005CC  000200  0007CC       B98       0  CODE        2
                cinit                          0007CC  000034  000800       F98       0  CODE        2
                config                         008007  000002  008009     1000E       0  CONFIG      2


UNUSED ADDRESS RANGES

        Name                Unused          Largest block    Delta
        BANK0            0004C-0006F              24           1
        BANK1            000E0-000EF              10           1
        BANK2            00140-0016F              30           1
        BANK3            001A0-001EF              50           1
        BANK4            00220-0026F              50           1
        BANK5            002A0-002EF              50           1
        BANK6            00320-0032F              10           1
        BIGRAM           02000-023EF             3F0           1
        CODE             00004-0027E             27B           2
                         00800-01FFF             800
        CONST            00004-0027E             100           2
                         00800-01FFF             100
        ENTRY            00004-0027E             100           2
                         00800-01FFF             100
        IDLOC            08000-08003               4           2
        RAM              0004C-0006F              24           1
                         000E0-000EF              10
                         00140-0016F              30
                         001A0-001EF              50
                         00220-0026F              50
                         002A0-002EF              50
                         00320-0032F              10
        SFR0             00000-0001F              20           1
        SFR1             00080-0009F              20           1
        SFR10            00500-0051F              20           1
        SFR11            00580-0059F              20           1
        SFR12            00600-0061F              20           1
        SFR13            00680-006EF              70           1
        SFR14            00700-0076F              70           1
        SFR15            00780-007EF              70           1
        SFR16            00800-0086F              70           1
        SFR17            00880-008EF              70           1
        SFR18            00900-0096F              70           1
        SFR19            00980-009EF              70           1
        SFR2             00100-0011F              20           1
        SFR20            00A00-00A6F              70           1
        SFR21            00A80-00AEF              70           1
        SFR22            00B00-00B6F              70           1
        SFR23            00B80-00BEF              70           1
        SFR24            00C00-00C6F              70           1
        SFR25            00C80-00CEF              70           1
        SFR26            00D00-00D6F              70           1
        SFR27            00D80-00DEF              70           1
        SFR28            00E00-00E6F              70           1
        SFR29            00E80-00EEF              70           1
        SFR3             00180-0019F              20           1
        SFR30            00F00-00F6F              70           1
        SFR31            00F80-00FEF              70           1
        SFR4             00200-0021F              20           1
        SFR5             00280-0029F              20           1
        SFR6             00300-0031F              20           1
        SFR7             00380-0039F              20           1
        SFR8             00400-0041F              20           1
        SFR9             00480-0049F              20           1
        STACK            020C0-021EF             130           1
        STRCODE          00004-0027E             27B           2
                         00800-01FFF            1800
        STRING           00004-0027E             100           2
                         00800-01FFF             100

                                  Symbol Table

?_ADC_GetConversion                    cstackCOMMON 00070
?___lwdiv                              cstackCOMMON 00076
?___wmul                               cstackCOMMON 00070
?_ugrid_calc_ucp                       cstackBANK0  00020
ADC_GetConversion@channel              cstackCOMMON 00073
DAC1_Load10bitInputData@input10BitData cstackCOMMON 00070
_ADCON0                                (abs)        0009D
_ADCON0bits                            (abs)        0009D
_ADCON1                                (abs)        0009E
_ADCON2                                (abs)        0009F
_ADC_GetConversion                     text12       002C1
_ADC_Initialize                        text10       0029D
_ADRESH                                (abs)        0009C
_ADRESL                                (abs)        0009B
_ANSELA                                (abs)        0018C
_ANSELB                                (abs)        0018D
_ANSELC                                (abs)        0018E
_BORCON                                (abs)        0021D
_DAC1CON0                              (abs)        00591
_DAC1CON0bits                          (abs)        00591
_DAC1REFH                              (abs)        00593
_DAC1REFL                              (abs)        00592
_DAC1_Initialize                       text9        0028D
_DAC1_Load10bitInputData               text11       00285
_DACLDbits                             (abs)        00590
_LATA                                  (abs)        0010C
_LATB                                  (abs)        0010D
_LATC                                  (abs)        0010E
_ODCONA                                (abs)        0028C
_ODCONB                                (abs)        0028D
_ODCONC                                (abs)        0028E
_OPTION_REGbits                        (abs)        00095
_OSCCON                                (abs)        00099
_OSCILLATOR_Initialize                 text8        00295
_OSCSTAT                               (abs)        0009A
_OSCTUNE                               (abs)        00098
_PIN_MANAGER_Initialize                text7        002F2
_SYSTEM_Initialize                     text5        002B2
_TRISA                                 (abs)        0008C
_TRISB                                 (abs)        0008D
_TRISC                                 (abs)        0008E
_WDTCON                                (abs)        00097
_WDT_Initialize                        text6        00281
_WPUA                                  (abs)        0020C
_WPUB                                  (abs)        0020D
_WPUC                                  (abs)        0020E
__CFG_BOREN$ON                         (abs)        00000
__CFG_BORV$LO                          (abs)        00000
__CFG_CLKOUTEN$OFF                     (abs)        00000
__CFG_CP$OFF                           (abs)        00000
__CFG_FCMEN$ON                         (abs)        00000
__CFG_FOSC$INTOSC                      (abs)        00000
__CFG_IESO$ON                          (abs)        00000
__CFG_LPBOR$OFF                        (abs)        00000
__CFG_LVP$ON                           (abs)        00000
__CFG_MCLRE$ON                         (abs)        00000
__CFG_PLLEN$ON                         (abs)        00000
__CFG_PPS1WAY$ON                       (abs)        00000
__CFG_PWRTE$OFF                        (abs)        00000
__CFG_STVREN$ON                        (abs)        00000
__CFG_WDTE$OFF                         (abs)        00000
__CFG_WRT$OFF                          (abs)        00000
__CFG_ZCD$OFF                          (abs)        00000
__Habs1                                abs1         00000
__Hbank0                               bank0        00000
__Hbank1                               bank1        00000
__Hbank10                              bank10       00000
__Hbank11                              bank11       00000
__Hbank12                              bank12       00000
__Hbank13                              bank13       00000
__Hbank14                              bank14       00000
__Hbank15                              bank15       00000
__Hbank16                              bank16       00000
__Hbank17                              bank17       00000
__Hbank18                              bank18       00000
__Hbank19                              bank19       00000
__Hbank2                               bank2        00000
__Hbank20                              bank20       00000
__Hbank21                              bank21       00000
__Hbank22                              bank22       00000
__Hbank23                              bank23       00000
__Hbank24                              bank24       00000
__Hbank25                              bank25       00000
__Hbank26                              bank26       00000
__Hbank27                              bank27       00000
__Hbank28                              bank28       00000
__Hbank29                              bank29       00000
__Hbank3                               bank3        00000
__Hbank30                              bank30       00000
__Hbank31                              bank31       00000
__Hbank4                               bank4        00000
__Hbank5                               bank5        00000
__Hbank6                               bank6        00000
__Hbank7                               bank7        00000
__Hbank8                               bank8        00000
__Hbank9                               bank9        00000
__Hbigram                              bigram       00000
__Hcinit                               cinit        00800
__Hclrtext                             clrtext      00000
__Hcode                                code         00000
__Hcommon                              common       00000
__Hconfig                              config       08009
__HcstackBANK0                         cstackBANK0  00000
__HcstackCOMMON                        cstackCOMMON 00000
__HdataBANK0                           dataBANK0    00000
__HdataBANK1                           dataBANK1    00000
__HdataBANK2                           dataBANK2    00000
__Heeprom_data                         eeprom_data  00000
__Hend_init                            end_init     00004
__Hfunctab                             functab      00000
__HidataBANK0                          idataBANK0   00000
__HidataBANK1                          idataBANK1   00000
__HidataBANK2                          idataBANK2   00000
__HidataBIGRAM                         idataBIGRAM  00000
__Hidloc                               idloc        00000
__Hinit                                init         00002
__Hinittext                            inittext     00000
__Hintentry                            intentry     00002
__Hmaintext                            maintext     00000
__Hpowerup                             powerup      00000
__Hram                                 ram          00000
__Hreset_vec                           reset_vec    00002
__Hsfr0                                sfr0         00000
__Hsfr1                                sfr1         00000
__Hsfr10                               sfr10        00000
__Hsfr11                               sfr11        00000
__Hsfr12                               sfr12        00000
__Hsfr13                               sfr13        00000
__Hsfr14                               sfr14        00000
__Hsfr15                               sfr15        00000
__Hsfr16                               sfr16        00000
__Hsfr17                               sfr17        00000
__Hsfr18                               sfr18        00000
__Hsfr19                               sfr19        00000
__Hsfr2                                sfr2         00000
__Hsfr20                               sfr20        00000
__Hsfr21                               sfr21        00000
__Hsfr22                               sfr22        00000
__Hsfr23                               sfr23        00000
__Hsfr24                               sfr24        00000
__Hsfr25                               sfr25        00000
__Hsfr26                               sfr26        00000
__Hsfr27                               sfr27        00000
__Hsfr28                               sfr28        00000
__Hsfr29                               sfr29        00000
__Hsfr3                                sfr3         00000
__Hsfr30                               sfr30        00000
__Hsfr31                               sfr31        00000
__Hsfr4                                sfr4         00000
__Hsfr5                                sfr5         00000
__Hsfr6                                sfr6         00000
__Hsfr7                                sfr7         00000
__Hsfr8                                sfr8         00000
__Hsfr9                                sfr9         00000
__Hspace_0                             (abs)        08009
__Hspace_1                             (abs)        00140
__Hspace_2                             (abs)        00000
__Hspace_3                             (abs)        00000
__Hstack                               stack        00000
__Hstrings                             strings      00000
__Htext                                text         00000
__Labs1                                abs1         00000
__Lbank0                               bank0        00000
__Lbank1                               bank1        00000
__Lbank10                              bank10       00000
__Lbank11                              bank11       00000
__Lbank12                              bank12       00000
__Lbank13                              bank13       00000
__Lbank14                              bank14       00000
__Lbank15                              bank15       00000
__Lbank16                              bank16       00000
__Lbank17                              bank17       00000
__Lbank18                              bank18       00000
__Lbank19                              bank19       00000
__Lbank2                               bank2        00000
__Lbank20                              bank20       00000
__Lbank21                              bank21       00000
__Lbank22                              bank22       00000
__Lbank23                              bank23       00000
__Lbank24                              bank24       00000
__Lbank25                              bank25       00000
__Lbank26                              bank26       00000
__Lbank27                              bank27       00000
__Lbank28                              bank28       00000
__Lbank29                              bank29       00000
__Lbank3                               bank3        00000
__Lbank30                              bank30       00000
__Lbank31                              bank31       00000
__Lbank4                               bank4        00000
__Lbank5                               bank5        00000
__Lbank6                               bank6        00000
__Lbank7                               bank7        00000
__Lbank8                               bank8        00000
__Lbank9                               bank9        00000
__Lbigram                              bigram       00000
__Lcinit                               cinit        007CC
__Lclrtext                             clrtext      00000
__Lcode                                code         00000
__Lcommon                              common       00000
__Lconfig                              config       08007
__LcstackBANK0                         cstackBANK0  00000
__LcstackCOMMON                        cstackCOMMON 00000
__LdataBANK0                           dataBANK0    00000
__LdataBANK1                           dataBANK1    00000
__LdataBANK2                           dataBANK2    00000
__Leeprom_data                         eeprom_data  00000
__Lend_init                            end_init     00002
__Lfunctab                             functab      00000
__LidataBANK0                          idataBANK0   00000
__LidataBANK1                          idataBANK1   00000
__LidataBANK2                          idataBANK2   00000
__LidataBIGRAM                         idataBIGRAM  00000
__Lidloc                               idloc        00000
__Linit                                init         00002
__Linittext                            inittext     00000
__Lintentry                            intentry     00002
__Lmaintext                            maintext     00000
__Lpowerup                             powerup      00000
__Lram                                 ram          00000
__Lreset_vec                           reset_vec    00000
__Lsfr0                                sfr0         00000
__Lsfr1                                sfr1         00000
__Lsfr10                               sfr10        00000
__Lsfr11                               sfr11        00000
__Lsfr12                               sfr12        00000
__Lsfr13                               sfr13        00000
__Lsfr14                               sfr14        00000
__Lsfr15                               sfr15        00000
__Lsfr16                               sfr16        00000
__Lsfr17                               sfr17        00000
__Lsfr18                               sfr18        00000
__Lsfr19                               sfr19        00000
__Lsfr2                                sfr2         00000
__Lsfr20                               sfr20        00000
__Lsfr21                               sfr21        00000
__Lsfr22                               sfr22        00000
__Lsfr23                               sfr23        00000
__Lsfr24                               sfr24        00000
__Lsfr25                               sfr25        00000
__Lsfr26                               sfr26        00000
__Lsfr27                               sfr27        00000
__Lsfr28                               sfr28        00000
__Lsfr29                               sfr29        00000
__Lsfr3                                sfr3         00000
__Lsfr30                               sfr30        00000
__Lsfr31                               sfr31        00000
__Lsfr4                                sfr4         00000
__Lsfr5                                sfr5         00000
__Lsfr6                                sfr6         00000
__Lsfr7                                sfr7         00000
__Lsfr8                                sfr8         00000
__Lsfr9                                sfr9         00000
__Lspace_0                             (abs)        00000
__Lspace_1                             (abs)        00000
__Lspace_2                             (abs)        00000
__Lspace_3                             (abs)        00000
__Lstack                               stack        00000
__Lstrings                             strings      00000
__Ltext                                text         00000
__S0                                   (abs)        08009
__S1                                   (abs)        00140
__S2                                   (abs)        00000
___int_sp                              stack        00000
___latbits                             (abs)        00002
___lwdiv                               text4        00382
___lwdiv@counter                       cstackCOMMON 0007D
___lwdiv@dividend                      cstackCOMMON 00078
___lwdiv@divisor                       cstackCOMMON 00076
___lwdiv@quotient                      cstackCOMMON 0007B
___sp                                  stack        00000
___wmul                                text3        002D7
___wmul@multiplicand                   cstackCOMMON 00072
___wmul@multiplier                     cstackCOMMON 00070
___wmul@product                        cstackCOMMON 00074
__end_of_ADC_GetConversion             text12       002D7
__end_of_ADC_Initialize                text10       002A6
__end_of_DAC1_Initialize               text9        00295
__end_of_DAC1_Load10bitInputData       text11       0028D
__end_of_OSCILLATOR_Initialize         text8        0029D
__end_of_PIN_MANAGER_Initialize        text7        0030F
__end_of_SYSTEM_Initialize             text5        002C1
__end_of_WDT_Initialize                text6        00285
__end_of___lwdiv                       text4        003B6
__end_of___wmul                        text3        002F2
__end_of__initialization               cinit        007FD
__end_of_get_tab_idx                   text2        00355
__end_of_main                          maintext     00382
__end_of_ugrid_calc_ucp                text1        005CC
__initialization                       cinit        007CC
__pcstackBANK0                         cstackBANK0  00020
__pcstackCOMMON                        cstackCOMMON 00070
__pdataBANK0                           dataBANK0    0004A
__pdataBANK1                           dataBANK1    000A0
__pdataBANK2                           dataBANK2    00120
__pdataBIGRAM                          (abs)        021F0
__pidataBANK0                          idataBANK0   0027F
__pidataBANK1                          idataBANK1   003B6
__pidataBANK2                          idataBANK2   0030F
__pidataBIGRAM                         idataBIGRAM  005CC
__pmaintext                            maintext     00355
__ptext1                               text1        003F6
__ptext10                              text10       0029D
__ptext11                              text11       00285
__ptext12                              text12       002C1
__ptext2                               text2        0032F
__ptext3                               text3        002D7
__ptext4                               text4        00382
__ptext5                               text5        002B2
__ptext6                               text6        00281
__ptext7                               text7        002F2
__ptext8                               text8        00295
__ptext9                               text9        0028D
__size_of_ADC_GetConversion            (abs)        00000
__size_of_ADC_Initialize               (abs)        00000
__size_of_DAC1_Initialize              (abs)        00000
__size_of_DAC1_Load10bitInputData      (abs)        00000
__size_of_OSCILLATOR_Initialize        (abs)        00000
__size_of_PIN_MANAGER_Initialize       (abs)        00000
__size_of_SYSTEM_Initialize            (abs)        00000
__size_of_WDT_Initialize               (abs)        00000
__size_of___lwdiv                      (abs)        00000
__size_of___wmul                       (abs)        00000
__size_of_get_tab_idx                  (abs)        00000
__size_of_main                         (abs)        00000
__size_of_ugrid_calc_ucp               (abs)        00000
_g_idx_tab                             dataBANK1    000A0
_g_idx_tab_size                        dataBANK0    0004B
_get_tab_idx                           text2        0032F
_main                                  maintext     00355
_ucp_tab                               (abs)        021F0
_ucpm_tab                              dataBANK2    00120
_ug_idx_tab                            dataBANK1    000C0
_ug_idx_tab_size                       dataBANK0    0004A
_ugrid_calc_ucp                        text1        003F6
btemp                                  (abs)        0007E
end_of_initialization                  cinit        007FD
get_tab_idx@idx                        cstackCOMMON 00078
get_tab_idx@tab                        cstackCOMMON 00077
get_tab_idx@tab_size                   cstackCOMMON 00070
get_tab_idx@val                        cstackCOMMON 00072
init_ram                               inittext     002A6
intlevel0                              functab      00000
intlevel1                              functab      00000
intlevel2                              functab      00000
intlevel3                              functab      00000
intlevel4                              functab      00000
intlevel5                              functab      00000
main@result                            cstackBANK0  00048
main@val_g                             cstackBANK0  00046
main@val_ug                            cstackBANK0  00044
reset_vec                              reset_vec    00000
stackhi                                (abs)        021EF
stacklo                                (abs)        020C0
start                                  init         00002
start_initialization                   cinit        007CC
ugrid_calc_ucp@g                       cstackBANK0  00022
ugrid_calc_ucp@g_idx                   cstackBANK0  00042
ugrid_calc_ucp@kn                      cstackBANK0  0003A
ugrid_calc_ucp@ucp                     cstackBANK0  00040
ugrid_calc_ucp@ucp1                    cstackBANK0  0003E
ugrid_calc_ucp@ucp2                    cstackBANK0  00038
ugrid_calc_ucp@ucpm                    cstackBANK0  0003C
ugrid_calc_ucp@ug                      cstackBANK0  00020
ugrid_calc_ucp@ug_idx                  cstackBANK0  00043
wtemp0                                 (abs)        0007E


FUNCTION INFORMATION:

 *************** function _main *****************
 Defined at:
		line 56 in file "main.c"
 Parameters:    Size  Location     Type
		None
 Auto vars:     Size  Location     Type
  result          2   40[BANK0 ] unsigned int 
  val_g           2   38[BANK0 ] unsigned int 
  val_ug          2   36[BANK0 ] unsigned int 
 Return value:  Size  Location     Type
                  1    wreg      void 
 Registers used:
		wreg, fsr0l, fsr0h, fsr1l, fsr1h, status,2, status,0, pclath, cstack
 Tracked objects:
		On entry : 
		On exit  : 
		Unchanged: 
 Data sizes:     COMMON   BANK0   BANK1   BANK2   BANK3   BANK4   BANK5   BANK6   BANK7   BANK8   BANK9  BANK10  BANK11  BANK12
      Params:         0       0       0       0       0       0       0       0       0       0       0       0       0       0
      Locals:         0       6       0       0       0       0       0       0       0       0       0       0       0       0
      Temps:          0       0       0       0       0       0       0       0       0       0       0       0       0       0
      Totals:         0       6       0       0       0       0       0       0       0       0       0       0       0       0
Total ram usage:        6 bytes
 Hardware stack levels required when called:    2
 This function calls:
		_ADC_GetConversion
		_DAC1_Load10bitInputData
		_SYSTEM_Initialize
		_ugrid_calc_ucp
 This function is called by:
		Startup code after reset
 This function uses a non-reentrant model


 *************** function _ugrid_calc_ucp *****************
 Defined at:
		line 57 in file "ugrid.c"
 Parameters:    Size  Location     Type
  ug              2    0[BANK0 ] unsigned short 
  g               2    2[BANK0 ] unsigned short 
 Auto vars:     Size  Location     Type
  ucp             2   32[BANK0 ] unsigned short 
  ucp1            2   30[BANK0 ] unsigned short 
  ucpm            2   28[BANK0 ] unsigned short 
  kn              2   26[BANK0 ] unsigned short 
  ucp2            2   24[BANK0 ] unsigned short 
  ug_idx          1   35[BANK0 ] unsigned char 
  g_idx           1   34[BANK0 ] unsigned char 
 Return value:  Size  Location     Type
                  2    0[BANK0 ] unsigned int 
 Registers used:
		wreg, fsr0l, fsr0h, fsr1l, fsr1h, status,2, status,0, pclath, cstack
 Tracked objects:
		On entry : 
		On exit  : 
		Unchanged: 
 Data sizes:     COMMON   BANK0   BANK1   BANK2   BANK3   BANK4   BANK5   BANK6   BANK7   BANK8   BANK9  BANK10  BANK11  BANK12
      Params:         0       4       0       0       0       0       0       0       0       0       0       0       0       0
      Locals:         0      12       0       0       0       0       0       0       0       0       0       0       0       0
      Temps:          0      20       0       0       0       0       0       0       0       0       0       0       0       0
      Totals:         0      36       0       0       0       0       0       0       0       0       0       0       0       0
Total ram usage:       36 bytes
 Hardware stack levels used:    1
 Hardware stack levels required when called:    1
 This function calls:
		___lwdiv
		___wmul
		_get_tab_idx
 This function is called by:
		_main
 This function uses a non-reentrant model


 *************** function _get_tab_idx *****************
 Defined at:
		line 49 in file "ugrid.c"
 Parameters:    Size  Location     Type
  tab             1    wreg     PTR unsigned short 
		 -> ug_idx_tab(32), g_idx_tab(32), 
  tab_size        2    0[COMMON] unsigned short 
  val             2    2[COMMON] unsigned short 
 Auto vars:     Size  Location     Type
  tab             1    7[COMMON] PTR unsigned short 
		 -> ug_idx_tab(32), g_idx_tab(32), 
  idx             1    8[COMMON] unsigned char 
 Return value:  Size  Location     Type
                  1    wreg      unsigned char 
 Registers used:
		wreg, fsr1l, fsr1h, status,2, status,0
 Tracked objects:
		On entry : 
		On exit  : 
		Unchanged: 
 Data sizes:     COMMON   BANK0   BANK1   BANK2   BANK3   BANK4   BANK5   BANK6   BANK7   BANK8   BANK9  BANK10  BANK11  BANK12
      Params:         4       0       0       0       0       0       0       0       0       0       0       0       0       0
      Locals:         2       0       0       0       0       0       0       0       0       0       0       0       0       0
      Temps:          3       0       0       0       0       0       0       0       0       0       0       0       0       0
      Totals:         9       0       0       0       0       0       0       0       0       0       0       0       0       0
Total ram usage:        9 bytes
 Hardware stack levels used:    1
 This function calls:
		Nothing
 This function is called by:
		_ugrid_calc_ucp
 This function uses a non-reentrant model


 *************** function ___wmul *****************
 Defined at:
		line 15 in file "C:\Program Files (x86)\Microchip\xc8\v1.45\sources\common\Umul16.c"
 Parameters:    Size  Location     Type
  multiplier      2    0[COMMON] unsigned int 
  multiplicand    2    2[COMMON] unsigned int 
 Auto vars:     Size  Location     Type
  product         2    4[COMMON] unsigned int 
 Return value:  Size  Location     Type
                  2    0[COMMON] unsigned int 
 Registers used:
		wreg, status,2, status,0
 Tracked objects:
		On entry : 
		On exit  : 
		Unchanged: 
 Data sizes:     COMMON   BANK0   BANK1   BANK2   BANK3   BANK4   BANK5   BANK6   BANK7   BANK8   BANK9  BANK10  BANK11  BANK12
      Params:         4       0       0       0       0       0       0       0       0       0       0       0       0       0
      Locals:         2       0       0       0       0       0       0       0       0       0       0       0       0       0
      Temps:          0       0       0       0       0       0       0       0       0       0       0       0       0       0
      Totals:         6       0       0       0       0       0       0       0       0       0       0       0       0       0
Total ram usage:        6 bytes
 Hardware stack levels used:    1
 This function calls:
		Nothing
 This function is called by:
		_ugrid_calc_ucp
 This function uses a non-reentrant model


 *************** function ___lwdiv *****************
 Defined at:
		line 6 in file "C:\Program Files (x86)\Microchip\xc8\v1.45\sources\common\lwdiv.c"
 Parameters:    Size  Location     Type
  divisor         2    6[COMMON] unsigned int 
  dividend        2    8[COMMON] unsigned int 
 Auto vars:     Size  Location     Type
  quotient        2   11[COMMON] unsigned int 
  counter         1   13[COMMON] unsigned char 
 Return value:  Size  Location     Type
                  2    6[COMMON] unsigned int 
 Registers used:
		wreg, status,2, status,0
 Tracked objects:
		On entry : 
		On exit  : 
		Unchanged: 
 Data sizes:     COMMON   BANK0   BANK1   BANK2   BANK3   BANK4   BANK5   BANK6   BANK7   BANK8   BANK9  BANK10  BANK11  BANK12
      Params:         4       0       0       0       0       0       0       0       0       0       0       0       0       0
      Locals:         3       0       0       0       0       0       0       0       0       0       0       0       0       0
      Temps:          1       0       0       0       0       0       0       0       0       0       0       0       0       0
      Totals:         8       0       0       0       0       0       0       0       0       0       0       0       0       0
Total ram usage:        8 bytes
 Hardware stack levels used:    1
 This function calls:
		Nothing
 This function is called by:
		_ugrid_calc_ucp
 This function uses a non-reentrant model


 *************** function _SYSTEM_Initialize *****************
 Defined at:
		line 50 in file "mcc_generated_files/mcc.c"
 Parameters:    Size  Location     Type
		None
 Auto vars:     Size  Location     Type
		None
 Return value:  Size  Location     Type
                  1    wreg      void 
 Registers used:
		wreg, status,2, status,0, pclath, cstack
 Tracked objects:
		On entry : 
		On exit  : 
		Unchanged: 
 Data sizes:     COMMON   BANK0   BANK1   BANK2   BANK3   BANK4   BANK5   BANK6   BANK7   BANK8   BANK9  BANK10  BANK11  BANK12
      Params:         0       0       0       0       0       0       0       0       0       0       0       0       0       0
      Locals:         0       0       0       0       0       0       0       0       0       0       0       0       0       0
      Temps:          0       0       0       0       0       0       0       0       0       0       0       0       0       0
      Totals:         0       0       0       0       0       0       0       0       0       0       0       0       0       0
Total ram usage:        0 bytes
 Hardware stack levels used:    1
 Hardware stack levels required when called:    1
 This function calls:
		_ADC_Initialize
		_DAC1_Initialize
		_OSCILLATOR_Initialize
		_PIN_MANAGER_Initialize
		_WDT_Initialize
 This function is called by:
		_main
 This function uses a non-reentrant model


 *************** function _WDT_Initialize *****************
 Defined at:
		line 72 in file "mcc_generated_files/mcc.c"
 Parameters:    Size  Location     Type
		None
 Auto vars:     Size  Location     Type
		None
 Return value:  Size  Location     Type
                  1    wreg      void 
 Registers used:
		wreg
 Tracked objects:
		On entry : 
		On exit  : 
		Unchanged: 
 Data sizes:     COMMON   BANK0   BANK1   BANK2   BANK3   BANK4   BANK5   BANK6   BANK7   BANK8   BANK9  BANK10  BANK11  BANK12
      Params:         0       0       0       0       0       0       0       0       0       0       0       0       0       0
      Locals:         0       0       0       0       0       0       0       0       0       0       0       0       0       0
      Temps:          0       0       0       0       0       0       0       0       0       0       0       0       0       0
      Totals:         0       0       0       0       0       0       0       0       0       0       0       0       0       0
Total ram usage:        0 bytes
 Hardware stack levels used:    1
 This function calls:
		Nothing
 This function is called by:
		_SYSTEM_Initialize
 This function uses a non-reentrant model


 *************** function _PIN_MANAGER_Initialize *****************
 Defined at:
		line 57 in file "mcc_generated_files/pin_manager.c"
 Parameters:    Size  Location     Type
		None
 Auto vars:     Size  Location     Type
		None
 Return value:  Size  Location     Type
                  1    wreg      void 
 Registers used:
		wreg, status,2
 Tracked objects:
		On entry : 
		On exit  : 
		Unchanged: 
 Data sizes:     COMMON   BANK0   BANK1   BANK2   BANK3   BANK4   BANK5   BANK6   BANK7   BANK8   BANK9  BANK10  BANK11  BANK12
      Params:         0       0       0       0       0       0       0       0       0       0       0       0       0       0
      Locals:         0       0       0       0       0       0       0       0       0       0       0       0       0       0
      Temps:          0       0       0       0       0       0       0       0       0       0       0       0       0       0
      Totals:         0       0       0       0       0       0       0       0       0       0       0       0       0       0
Total ram usage:        0 bytes
 Hardware stack levels used:    1
 This function calls:
		Nothing
 This function is called by:
		_SYSTEM_Initialize
 This function uses a non-reentrant model


 *************** function _OSCILLATOR_Initialize *****************
 Defined at:
		line 60 in file "mcc_generated_files/mcc.c"
 Parameters:    Size  Location     Type
		None
 Auto vars:     Size  Location     Type
		None
 Return value:  Size  Location     Type
                  1    wreg      void 
 Registers used:
		wreg, status,2
 Tracked objects:
		On entry : 
		On exit  : 
		Unchanged: 
 Data sizes:     COMMON   BANK0   BANK1   BANK2   BANK3   BANK4   BANK5   BANK6   BANK7   BANK8   BANK9  BANK10  BANK11  BANK12
      Params:         0       0       0       0       0       0       0       0       0       0       0       0       0       0
      Locals:         0       0       0       0       0       0       0       0       0       0       0       0       0       0
      Temps:          0       0       0       0       0       0       0       0       0       0       0       0       0       0
      Totals:         0       0       0       0       0       0       0       0       0       0       0       0       0       0
Total ram usage:        0 bytes
 Hardware stack levels used:    1
 This function calls:
		Nothing
 This function is called by:
		_SYSTEM_Initialize
 This function uses a non-reentrant model


 *************** function _DAC1_Initialize *****************
 Defined at:
		line 68 in file "mcc_generated_files/dac1.c"
 Parameters:    Size  Location     Type
		None
 Auto vars:     Size  Location     Type
		None
 Return value:  Size  Location     Type
                  1    wreg      void 
 Registers used:
		wreg, status,2
 Tracked objects:
		On entry : 
		On exit  : 
		Unchanged: 
 Data sizes:     COMMON   BANK0   BANK1   BANK2   BANK3   BANK4   BANK5   BANK6   BANK7   BANK8   BANK9  BANK10  BANK11  BANK12
      Params:         0       0       0       0       0       0       0       0       0       0       0       0       0       0
      Locals:         0       0       0       0       0       0       0       0       0       0       0       0       0       0
      Temps:          0       0       0       0       0       0       0       0       0       0       0       0       0       0
      Totals:         0       0       0       0       0       0       0       0       0       0       0       0       0       0
Total ram usage:        0 bytes
 Hardware stack levels used:    1
 This function calls:
		Nothing
 This function is called by:
		_SYSTEM_Initialize
 This function uses a non-reentrant model


 *************** function _ADC_Initialize *****************
 Defined at:
		line 64 in file "mcc_generated_files/adc.c"
 Parameters:    Size  Location     Type
		None
 Auto vars:     Size  Location     Type
		None
 Return value:  Size  Location     Type
                  1    wreg      void 
 Registers used:
		wreg, status,2
 Tracked objects:
		On entry : 
		On exit  : 
		Unchanged: 
 Data sizes:     COMMON   BANK0   BANK1   BANK2   BANK3   BANK4   BANK5   BANK6   BANK7   BANK8   BANK9  BANK10  BANK11  BANK12
      Params:         0       0       0       0       0       0       0       0       0       0       0       0       0       0
      Locals:         0       0       0       0       0       0       0       0       0       0       0       0       0       0
      Temps:          0       0       0       0       0       0       0       0       0       0       0       0       0       0
      Totals:         0       0       0       0       0       0       0       0       0       0       0       0       0       0
Total ram usage:        0 bytes
 Hardware stack levels used:    1
 This function calls:
		Nothing
 This function is called by:
		_SYSTEM_Initialize
 This function uses a non-reentrant model


 *************** function _DAC1_Load10bitInputData *****************
 Defined at:
		line 94 in file "mcc_generated_files/dac1.c"
 Parameters:    Size  Location     Type
  input10BitDa    2    0[COMMON] unsigned int 
 Auto vars:     Size  Location     Type
		None
 Return value:  Size  Location     Type
                  1    wreg      void 
 Registers used:
		wreg, status,2
 Tracked objects:
		On entry : 
		On exit  : 
		Unchanged: 
 Data sizes:     COMMON   BANK0   BANK1   BANK2   BANK3   BANK4   BANK5   BANK6   BANK7   BANK8   BANK9  BANK10  BANK11  BANK12
      Params:         2       0       0       0       0       0       0       0       0       0       0       0       0       0
      Locals:         0       0       0       0       0       0       0       0       0       0       0       0       0       0
      Temps:          0       0       0       0       0       0       0       0       0       0       0       0       0       0
      Totals:         2       0       0       0       0       0       0       0       0       0       0       0       0       0
Total ram usage:        2 bytes
 Hardware stack levels used:    1
 This function calls:
		Nothing
 This function is called by:
		_main
 This function uses a non-reentrant model


 *************** function _ADC_GetConversion *****************
 Defined at:
		line 112 in file "mcc_generated_files/adc.c"
 Parameters:    Size  Location     Type
  channel         1    wreg     enum E10357
 Auto vars:     Size  Location     Type
  channel         1    3[COMMON] enum E10357
 Return value:  Size  Location     Type
                  2    0[COMMON] unsigned int 
 Registers used:
		wreg, status,2, status,0
 Tracked objects:
		On entry : 
		On exit  : 
		Unchanged: 
 Data sizes:     COMMON   BANK0   BANK1   BANK2   BANK3   BANK4   BANK5   BANK6   BANK7   BANK8   BANK9  BANK10  BANK11  BANK12
      Params:         2       0       0       0       0       0       0       0       0       0       0       0       0       0
      Locals:         1       0       0       0       0       0       0       0       0       0       0       0       0       0
      Temps:          1       0       0       0       0       0       0       0       0       0       0       0       0       0
      Totals:         4       0       0       0       0       0       0       0       0       0       0       0       0       0
Total ram usage:        4 bytes
 Hardware stack levels used:    1
 This function calls:
		Nothing
 This function is called by:
		_main
 This function uses a non-reentrant model



MODULE INFORMATION

Module		Function		Class		Link	Load	Size
ugrid.c
		_get_tab_idx   		CODE           	032F	0000	39
		_ugrid_calc_ucp		CODE           	03F6	0000	471

ugrid.c estimated size: 510

C:\Program Files (x86)\Microchip\xc8\v1.45\sources\common\Umul16.c
		___wmul        		CODE           	02D7	0000	28

C:\Program Files (x86)\Microchip\xc8\v1.45\sources\common\Umul16.c estimated size: 28

mcc_generated_files/pin_manager.c
		_PIN_MANAGER_Initialize		CODE           	02F2	0000	30

mcc_generated_files/pin_manager.c estimated size: 30

mcc_generated_files/adc.c
		_ADC_Initialize		CODE           	029D	0000	10
		_ADC_GetConversion		CODE           	02C1	0000	23

mcc_generated_files/adc.c estimated size: 33

shared
		__initialization		CODE           	07CC	0000	50

shared estimated size: 50

mcc_generated_files/mcc.c
		_WDT_Initialize		CODE           	0281	0000	5
		_OSCILLATOR_Initialize		CODE           	0295	0000	9
		_SYSTEM_Initialize		CODE           	02B2	0000	16

mcc_generated_files/mcc.c estimated size: 30

C:\Program Files (x86)\Microchip\xc8\v1.45\sources\common\lwdiv.c
		___lwdiv       		CODE           	0382	0000	53

C:\Program Files (x86)\Microchip\xc8\v1.45\sources\common\lwdiv.c estimated size: 53

mcc_generated_files/dac1.c
		_DAC1_Load10bitInputData		CODE           	0285	0000	9
		_DAC1_Initialize		CODE           	028D	0000	9

mcc_generated_files/dac1.c estimated size: 18

main.c
		_main          		CODE           	0355	0000	46

main.c estimated size: 46

